Microchip MPLAB XC8 Compiler V2.36

Linker command line:

-W-3 --edf=E:\Program Files (x86)\Microchip\xc8\v2.36\pic\dat\en_msgs.txt \
  -cn -h+dist/default/production\SmartRecycleBin.X.production.sym \
  --cmf=dist/default/production\SmartRecycleBin.X.production.cmf -z \
  -Q16F877A -oC:\Users\tuang\AppData\Local\Temp\xcAs2ik.4 \
  -Mdist/default/production/SmartRecycleBin.X.production.map \
  --md=C:\Users\tuang\AppData\Local\Temp\xcAs2ik.dat -E1 -ver=XC8 Compiler \
  --acfsm=1493 -ACODE=00h-07FFhx4 -ASTRCODE=00h-01FFFh -ASTRING=00h-0FFhx32 \
  -ACONST=00h-0FFhx32 -AENTRY=00h-0FFhx32 -ACOMMON=070h-07Fh \
  -ABANK0=020h-06Fh -ABANK1=0A0h-0EFh -ABANK2=0110h-016Fh \
  -ABANK3=0190h-01EFh -ARAM=020h-06Fh,0A0h-0EFh,0110h-016Fh,0190h-01EFh \
  -AABS1=020h-07Fh,0A0h-0EFh,0110h-016Fh,0190h-01EFh -ASFR0=00h-01Fh \
  -ASFR1=080h-09Fh -ASFR2=0100h-010Fh -ASFR3=0180h-018Fh \
  -ACONFIG=02007h-02007h -DCONFIG=2 -AIDLOC=02000h-02003h -DIDLOC=2 \
  -AEEDATA=00h-0FFh/02100h -peeprom_data=EEDATA -DEEDATA=2 -DCODE=2 \
  -DSTRCODE=2 -DSTRING=2 -DCONST=2 -DENTRY=2 \
  -preset_vec=00h,intentry=04h,init,end_init -ppowerup=CODE -pcinit=CODE \
  -pfunctab=ENTRY -k C:\Users\tuang\AppData\Local\Temp\xcAs2ik.o \
  dist/default/production\SmartRecycleBin.X.production.o 

Object code version is 3.11

Machine type is 16F877A



                Name                               Link     Load   Length Selector   Space Scale
C:\Users\tuang\AppData\Local\Temp\xcAs2ik.o
                end_init                              C        C        3        8       0
                reset_vec                             0        0        3        0       0
                config                             2007     2007        1        0       4
dist/default/production\SmartRecycleBin.X.production.o
                cinit                                 F        F       2F        8       0
                intentry                              4        4        8        8       0
                config                             2007     2007        1        0       4
                text18                              F70      F70       2D     1EE0       0
                text17                              4E2      4E2       AD        8       0
                text16                              EDF      EDF        C     1DBE       0
                text15                              63A      63A       8D        8       0
                text14                              F9D      F9D       31     1F3A       0
                text13                              1E3      1E3      12D        8       0
                text12                              58F      58F       AB        8       0
                text11                              789      789       39        8       0
                text10                              74F      74F       3A        8       0
                text9                               ED5      ED5        A     1DAA       0
                text8                               F14      F14       1D     1E28       0
                text7                               EFC      EFC       18     1DF8       0
                text6                               310      310       FE        8       0
                text5                               6C7      6C7       4C        8       0
                text4                               713      713       3C        8       0
                text3                               FCE      FCE       32     1F9C       0
                text2                               40E      40E       D4        8       0
                text1                               F4F      F4F       21     1E9E       0
                maintext                             3E       3E      1A5        8       0
                cstackBANK0                          20       20       2A       20       1
                cstackCOMMON                         70       70        C       70       1
                inittext                            EEB      EEB       11     1DD6       0
                dataBANK1                            A0       A0       36       A0       1
                bssBANK1                             D6       D6        A       A0       1
                dataBANK0                            4A       4A       1E       20       1
                bssBANK0                             68       68        6       20       1
                strings                             800      800       2F     1000       0
                idataBANK1                          7C2      7C2       36        8       0
                idataBANK0                          F31      F31       1E     1E62       0

TOTAL           Name                               Link     Load   Length     Space
        CLASS   CODE           
                end_init                              C        C        3         0
                cinit                                 F        F       2F         0
                intentry                              4        4        8         0
                reset_vec                             0        0        3         0
                text18                              F70      F70       2D         0
                text17                              4E2      4E2       AD         0
                text16                              EDF      EDF        C         0
                text15                              63A      63A       8D         0
                text14                              F9D      F9D       31         0
                text13                              1E3      1E3      12D         0
                text12                              58F      58F       AB         0
                text11                              789      789       39         0
                text10                              74F      74F       3A         0
                text9                               ED5      ED5        A         0
                text8                               F14      F14       1D         0
                text7                               EFC      EFC       18         0
                text6                               310      310       FE         0
                text5                               6C7      6C7       4C         0
                text4                               713      713       3C         0
                text3                               FCE      FCE       32         0
                text2                               40E      40E       D4         0
                text1                               F4F      F4F       21         0
                maintext                             3E       3E      1A5         0
                inittext                            EEB      EEB       11         0
                idataBANK1                          7C2      7C2       36         0
                idataBANK0                          F31      F31       1E         0

        CLASS   STRCODE        

        CLASS   STRING         
                strings                             800      800       2F         0

        CLASS   CONST          

        CLASS   ENTRY          

        CLASS   COMMON         
                cstackCOMMON                         70       70        C         1

        CLASS   BANK0          
                cstackBANK0                          20       20       2A         1
                dataBANK0                            4A       4A       1E         1
                bssBANK0                             68       68        6         1

        CLASS   BANK1          
                dataBANK1                            A0       A0       36         1
                bssBANK1                             D6       D6        A         1

        CLASS   BANK2          

        CLASS   BANK3          

        CLASS   RAM            

        CLASS   ABS1           
                abs_s1                               7E       7E        2         1

        CLASS   SFR0           

        CLASS   SFR1           

        CLASS   SFR2           

        CLASS   SFR3           

        CLASS   CONFIG         
                config                             2007     2007        1         4

        CLASS   IDLOC          

        CLASS   EEDATA         

        CLASS   STACK          



SEGMENTS        Name                           Load    Length   Top    Selector   Space  Class     Delta

                reset_vec                      000000  000003  000003         0       0  CODE        2
                intentry                       000004  0007F4  0007F8         8       0  CODE        2
                cstackBANK0                    000020  00004E  00006E        20       1  BANK0       1
                cstackCOMMON                   000070  00000C  00007C        70       1  COMMON      1
                dataBANK1                      0000A0  000040  0000E0        A0       1  BANK1       1
                strings                        000800  00002F  00082F      1000       0  STRING      2
                text9                          000ED5  00000A  000EDF      1DAA       0  CODE        2
                text16                         000EDF  00000C  000EEB      1DBE       0  CODE        2
                inittext                       000EEB  000011  000EFC      1DD6       0  CODE        2
                text7                          000EFC  000018  000F14      1DF8       0  CODE        2
                text8                          000F14  00001D  000F31      1E28       0  CODE        2
                idataBANK0                     000F31  00001E  000F4F      1E62       0  CODE        2
                text1                          000F4F  000021  000F70      1E9E       0  CODE        2
                text18                         000F70  00002D  000F9D      1EE0       0  CODE        2
                text14                         000F9D  000031  000FCE      1F3A       0  CODE        2
                text3                          000FCE  000032  001000      1F9C       0  CODE        2


UNUSED ADDRESS RANGES

        Name                Unused          Largest block    Delta
        BANK0            006E-006F              2           1
        BANK1            00E0-00EF             10           1
        BANK2            0110-016F             60           1
        BANK3            0190-01EF             60           1
        CODE             0003-0003              1           2
                         07F8-07FF              8
                         082F-0ED4            6A6
                         1000-1FFF            800
        COMMON           007C-007D              2           1
        CONST            0003-0003              1           2
                         07F8-07FF              8
                         082F-0ED4            100
                         1000-1FFF            100
        EEDATA           2100-21FF            100           2
        ENTRY            0003-0003              1           2
                         07F8-07FF              8
                         082F-0ED4            100
                         1000-1FFF            100
        IDLOC            2000-2003              4           2
        RAM              006E-006F              2           1
                         00E0-00EF             10
                         0110-016F             60
                         0190-01EF             60
        SFR0             0000-001F             20           1
        SFR1             0080-009F             20           1
        SFR2             0100-010F             10           1
        SFR3             0180-018F             10           1
        STRCODE          0003-0003              1           2
                         07F8-07FF              8
                         082F-0ED4            6A6
                         1000-1FFF           1000
        STRING           0003-0003              1           2
                         07F8-07FF              8
                         082F-0ED4            100
                         1000-1FFF            100

                                  Symbol Table

?_UltraSonicSensor_Read           cstackCOMMON 0078
?___aldiv                         cstackCOMMON 0072
?___llmod                         cstackCOMMON 0072
?___lwdiv                         cstackCOMMON 0072
?___lwmod                         cstackBANK0  0020
?_sprintf                         cstackBANK0  0024
?_strlen                          cstackCOMMON 0072
GPIO_Read@GPIO_Port               cstackCOMMON 0072
GPIO_Read@GPIO_State              cstackCOMMON 0076
GPIO_Read@Pin                     cstackCOMMON 0074
GPIO_Write@GPIO_Port              cstackCOMMON 0072
GPIO_Write@GPIO_State             cstackCOMMON 0075
GPIO_Write@Pin                    cstackCOMMON 0074
Motor_Forward_Start@motor_handle  cstackBANK0  0022
Motor_Reverse_Start@motor_handle  cstackBANK0  0022
Motor_Stop@motor_handle           cstackCOMMON 007B
UART_BASE_Init@baud               cstackBANK0  0026
UART_WriteChar@data               cstackCOMMON 0072
UART_Writes@data                  cstackCOMMON 0076
UART_Writes@i                     cstackCOMMON 007A
UART_Writes@len                   cstackCOMMON 0078
UltraSonicSensor_Read@buff_time   cstackBANK0  0024
UltraSonicSensor_Read@sensor      cstackBANK0  0028
UltraSonicSensor_Read@system_tick cstackCOMMON 0078
_ADCON0                           (abs)        001F
_ADCON1                           (abs)        009F
_BUZZER                           dataBANK0    0059
_GPIO_Read                        text7        0EFC
_GPIO_Write                       text17       04E2
_INTCON                           (abs)        000B
_LED1                             dataBANK0    005F
_LED2                             dataBANK0    005C
_MCU_Config                       text13       01E3
_Motor_1                          dataBANK1    00CA
_Motor_2                          dataBANK1    00BE
_Motor_3                          dataBANK1    00B2
_Motor_4                          dataBANK1    00A6
_Motor_Forward_Start              text11       0789
_Motor_Reverse_Start              text10       074F
_Motor_Stop                       text12       058F
_PIE1                             (abs)        008C
_PIR1                             (abs)        000C
_PORTA                            (abs)        0005
_PORTB                            (abs)        0006
_PORTC                            (abs)        0007
_PORTD                            (abs)        0008
_PORTE                            (abs)        0009
_RCSTA                            (abs)        0018
_SPBRG                            (abs)        0099
_SW1                              dataBANK0    004D
_T2CKPS1                          (abs)        0091
_T2CON                            (abs)        0012
_TIM2                             text18       0F70
_TMR2                             (abs)        0011
_TMR2IE                           (abs)        0461
_TMR2IF                           (abs)        0061
_TMR2ON                           (abs)        0092
_TRISA                            (abs)        0085
_TRISB                            (abs)        0086
_TRISC                            (abs)        0087
_TRISD                            (abs)        0088
_TRISE                            (abs)        0089
_TRMT                             (abs)        04C1
_TXIF                             (abs)        0064
_TXREG                            (abs)        0019
_TXSTA                            (abs)        0098
_Timer2_Interrupt_Init            text16       0EDF
_UART_BASE_Init                   text14       0F9D
_UART_WriteChar                   text9        0ED5
_UART_Writes                      text8        0F14
_UltraSonicSensor_Read            text6        0310
_UltraSonic_2                     dataBANK0    0062
__Habs1                           abs1         0000
__Hbank0                          bank0        0000
__Hbank1                          bank1        0000
__Hbank2                          bank2        0000
__Hbank3                          bank3        0000
__HbssBANK0                       bssBANK0     0000
__HbssBANK1                       bssBANK1     0000
__Hcinit                          cinit        003E
__Hclrtext                        clrtext      0000
__Hcode                           code         0000
__Hcommon                         common       0000
__Hconfig                         config       2008
__HcstackBANK0                    cstackBANK0  0000
__HcstackCOMMON                   cstackCOMMON 0000
__HdataBANK0                      dataBANK0    0000
__HdataBANK1                      dataBANK1    0000
__Heeprom_data                    eeprom_data  0000
__Hend_init                       end_init     000F
__Hfunctab                        functab      0000
__HidataBANK0                     idataBANK0   0000
__HidataBANK1                     idataBANK1   0000
__Hinit                           init         000C
__Hinittext                       inittext     0000
__Hintentry                       intentry     000C
__Hmaintext                       maintext     0000
__Hpowerup                        powerup      0000
__Hram                            ram          0000
__Hreset_vec                      reset_vec    0003
__Hsfr0                           sfr0         0000
__Hsfr1                           sfr1         0000
__Hsfr2                           sfr2         0000
__Hsfr3                           sfr3         0000
__Hspace_0                        (abs)        1000
__Hspace_1                        (abs)        00E0
__Hspace_2                        (abs)        0000
__Hspace_3                        (abs)        0000
__Hspace_4                        (abs)        400F
__Hstack                          stack        0000
__Hstrings                        strings      0000
__Htext                           text         0000
__Labs1                           abs1         0000
__Lbank0                          bank0        0000
__Lbank1                          bank1        0000
__Lbank2                          bank2        0000
__Lbank3                          bank3        0000
__LbssBANK0                       bssBANK0     0000
__LbssBANK1                       bssBANK1     0000
__Lcinit                          cinit        000F
__Lclrtext                        clrtext      0000
__Lcode                           code         0000
__Lcommon                         common       0000
__Lconfig                         config       0000
__LcstackBANK0                    cstackBANK0  0000
__LcstackCOMMON                   cstackCOMMON 0000
__LdataBANK0                      dataBANK0    0000
__LdataBANK1                      dataBANK1    0000
__Leeprom_data                    eeprom_data  0000
__Lend_init                       end_init     000C
__Lfunctab                        functab      0000
__LidataBANK0                     idataBANK0   0000
__LidataBANK1                     idataBANK1   0000
__Linit                           init         000C
__Linittext                       inittext     0000
__Lintentry                       intentry     0004
__Lmaintext                       maintext     0000
__Lpowerup                        powerup      0000
__Lram                            ram          0000
__Lreset_vec                      reset_vec    0000
__Lsfr0                           sfr0         0000
__Lsfr1                           sfr1         0000
__Lsfr2                           sfr2         0000
__Lsfr3                           sfr3         0000
__Lspace_0                        (abs)        0000
__Lspace_1                        (abs)        0000
__Lspace_2                        (abs)        0000
__Lspace_3                        (abs)        0000
__Lspace_4                        (abs)        0000
__Lstack                          stack        0000
__Lstrings                        strings      0000
__Ltext                           text         0000
__S0                              (abs)        1000
__S1                              (abs)        00E0
__S3                              (abs)        0000
___aldiv                          text15       063A
___aldiv@counter                  cstackBANK0  0020
___aldiv@dividend                 cstackCOMMON 0076
___aldiv@divisor                  cstackCOMMON 0072
___aldiv@quotient                 cstackBANK0  0022
___aldiv@sign                     cstackBANK0  0021
___int_sp                         stack        0000
___latbits                        (abs)        0002
___llmod                          text5        06C7
___llmod@counter                  cstackCOMMON 007B
___llmod@dividend                 cstackCOMMON 0076
___llmod@divisor                  cstackCOMMON 0072
___lwdiv                          text4        0713
___lwdiv@counter                  cstackCOMMON 0079
___lwdiv@dividend                 cstackCOMMON 0074
___lwdiv@divisor                  cstackCOMMON 0072
___lwdiv@quotient                 cstackCOMMON 0077
___lwmod                          text3        0FCE
___lwmod@counter                  cstackCOMMON 007B
___lwmod@dividend                 cstackBANK0  0022
___lwmod@divisor                  cstackBANK0  0020
___sp                             stack        0000
___stackhi                        (abs)        0000
___stacklo                        (abs)        0000
__end_of_GPIO_Read                text7        0F14
__end_of_GPIO_Write               text17       058F
__end_of_MCU_Config               text13       0310
__end_of_Motor_Forward_Start      text11       07C2
__end_of_Motor_Reverse_Start      text10       0789
__end_of_Motor_Stop               text12       063A
__end_of_TIM2                     text18       0F9D
__end_of_Timer2_Interrupt_Init    text16       0EEB
__end_of_UART_BASE_Init           text14       0FCE
__end_of_UART_WriteChar           text9        0EDF
__end_of_UART_Writes              text8        0F31
__end_of_UltraSonicSensor_Read    text6        040E
__end_of___aldiv                  text15       06C7
__end_of___llmod                  text5        0713
__end_of___lwdiv                  text4        074F
__end_of___lwmod                  text3        1000
__end_of__initialization          cinit        003A
__end_of__stringtab               strings      0810
__end_of_dpowers                  strings      081A
__end_of_main                     maintext     01E3
__end_of_sprintf                  text2        04E2
__end_of_strlen                   text1        0F70
__initialization                  cinit        000F
__pbssBANK0                       bssBANK0     0068
__pbssBANK1                       bssBANK1     00D6
__pcstackBANK0                    cstackBANK0  0020
__pcstackCOMMON                   cstackCOMMON 0070
__pdataBANK0                      dataBANK0    004A
__pdataBANK1                      dataBANK1    00A0
__pidataBANK0                     idataBANK0   0F31
__pidataBANK1                     idataBANK1   07C2
__pintentry                       intentry     0004
__pmaintext                       maintext     003E
__pstrings                        strings      0800
__ptext1                          text1        0F4F
__ptext10                         text10       074F
__ptext11                         text11       0789
__ptext12                         text12       058F
__ptext13                         text13       01E3
__ptext14                         text14       0F9D
__ptext15                         text15       063A
__ptext16                         text16       0EDF
__ptext17                         text17       04E2
__ptext18                         text18       0F70
__ptext2                          text2        040E
__ptext3                          text3        0FCE
__ptext4                          text4        0713
__ptext5                          text5        06C7
__ptext6                          text6        0310
__ptext7                          text7        0EFC
__ptext8                          text8        0F14
__ptext9                          text9        0ED5
__stringbase                      strings      080F
__stringtab                       strings      0800
_dpowers                          strings      0810
_main                             maintext     003E
_sprintf                          text2        040E
_strlen                           text1        0F4F
_timeReset_flag                   bssBANK0     0068
_timeSysTick                      bssBANK0     006A
btemp                             (abs)        007E
end_of_initialization             cinit        003A
init_fetch0                       inittext     0EEB
init_ram0                         inittext     0EEF
interrupt_function                intentry     0004
intlevel0                         functab      0000
intlevel1                         functab      0000
intlevel2                         functab      0000
intlevel3                         functab      0000
intlevel4                         functab      0000
intlevel5                         functab      0000
main@TX_Str                       cstackBANK0  0037
main@d                            cstackBANK0  0046
main@moto                         cstackBANK0  0045
main@systick_flag                 cstackBANK0  0041
reset_vec                         reset_vec    0000
saved_w                           (abs)        007E
sprintf@ap                        cstackBANK0  002C
sprintf@c                         cstackBANK0  0032
sprintf@f                         cstackBANK0  0024
sprintf@flag                      cstackBANK0  002D
sprintf@prec                      cstackBANK0  002E
sprintf@sp                        cstackBANK0  0031
sprintf@val                       cstackBANK0  002F
start                             init         000C
start_initialization              cinit        000F
strlen@cp                         cstackCOMMON 0074
strlen@s                          cstackCOMMON 0072
wtemp0                            (abs)        007E


MODULE INFORMATION

Module		Function		Class		Link	Load	Size
E:\Program Files (x86)\Microchip\xc8\v2.36\pic\sources\c90\common\strlen.c
		_strlen        		CODE           	0F4F	0000	33

E:\Program Files (x86)\Microchip\xc8\v2.36\pic\sources\c90\common\strlen.c estimated size: 33

Source/Header/Configuration.h
		_MCU_Config    		CODE           	01E3	0000	301

Source/Header/Configuration.h estimated size: 301

E:\Program Files (x86)\Microchip\xc8\v2.36\pic\sources\c90\common\doprnt.c
		_sprintf       		CODE           	040E	0000	212

E:\Program Files (x86)\Microchip\xc8\v2.36\pic\sources\c90\common\doprnt.c estimated size: 212

Source/Header/HBrightCtrl.h
		_Motor_Reverse_Start		CODE           	074F	0000	58
		_Motor_Stop    		CODE           	058F	0000	171
		_Motor_Forward_Start		CODE           	0789	0000	57

Source/Header/HBrightCtrl.h estimated size: 286

E:\Program Files (x86)\Microchip\xc8\v2.36\pic\sources\c90\common\lwmod.c
		___lwmod       		CODE           	0FCE	0000	50

E:\Program Files (x86)\Microchip\xc8\v2.36\pic\sources\c90\common\lwmod.c estimated size: 50

Source/Header/UART.h
		_UART_WriteChar		CODE           	0ED5	0000	10
		_UART_BASE_Init		CODE           	0F9D	0000	49
		_UART_Writes   		CODE           	0F14	0000	29

Source/Header/UART.h estimated size: 88

Source/Header/UltraSonicSensor.h
		_UltraSonicSensor_Read		CODE           	0310	0000	254

Source/Header/UltraSonicSensor.h estimated size: 254

E:\Program Files (x86)\Microchip\xc8\v2.36\pic\sources\c90\common\llmod.c
		___llmod       		CODE           	06C7	0000	76

E:\Program Files (x86)\Microchip\xc8\v2.36\pic\sources\c90\common\llmod.c estimated size: 76

E:\Program Files (x86)\Microchip\xc8\v2.36\pic\sources\c90\common\lwdiv.c
		___lwdiv       		CODE           	0713	0000	60

E:\Program Files (x86)\Microchip\xc8\v2.36\pic\sources\c90\common\lwdiv.c estimated size: 60

shared
		__stringtab    		STRING         	0800	0000	16
		_dpowers       		STRING         	0810	0000	10
		__initialization		CODE           	000F	0000	43

shared estimated size: 69

Source/Header/Interrupts.h
		_TIM2          		CODE           	0F70	0000	45

Source/Header/Interrupts.h estimated size: 45

Source/Header/Timer.h
		_Timer2_Interrupt_Init		CODE           	0EDF	0000	12

Source/Header/Timer.h estimated size: 12

Source/main.c
		_main          		CODE           	003E	0000	421

Source/main.c estimated size: 421

Source/Header/GPIO.h
		_GPIO_Write    		CODE           	04E2	0000	173
		_GPIO_Read     		CODE           	0EFC	0000	24

Source/Header/GPIO.h estimated size: 197

E:\Program Files (x86)\Microchip\xc8\v2.36\pic\sources\c90\common\aldiv.c
		___aldiv       		CODE           	063A	0000	141

E:\Program Files (x86)\Microchip\xc8\v2.36\pic\sources\c90\common\aldiv.c estimated size: 141

